IQ-TREE multicore version 2.3.6 for Linux x86 64-bit built Dec 11 2024
Developed by Bui Quang Minh, Nguyen Lam Tung, Olga Chernomor, Heiko Schmidt,
Dominik Schrempf, Michael Woodhams, Ly Trong Nhan, Thomas Wong

Host:    PHP25R-008 (AVX512, FMA3, 7 GB RAM)
Command: iqtree2 -s Didymellaceae_aln.fasta -m GTR+G -B 1000 -T 4 --prefix Didymellaceae_tree -quiet -redo
Seed:    852340 (Using SPRNG - Scalable Parallel Random Number Generator)
Time:    Mon Aug 10 13:44:51 2026
Kernel:  AVX+FMA - 4 threads (8 CPU cores detected)

Reading alignment file Didymellaceae_aln.fasta ... Fasta format detected
Reading fasta file: done in 0.00207459 secs using 15.33% CPU
Alignment most likely contains DNA/RNA sequences
Alignment has 61 sequences with 1273 columns, 388 distinct patterns
136 parsimony-informative, 172 singleton sites, 965 constant sites
                                         Gap/Ambiguity  Composition  p-value
Analyzing sequences: done in 2.9271e-05 secs using 64.91% CPU
   1  ASV_0a2b6529_rel1.0                       76.28%    passed     97.66%
   2  ASV_3257692a_rel0.6                       76.28%    passed     79.07%
   3  ASV_89fc352d_rel1.5                       76.28%    passed     97.29%
   4  ASV_95f22b73_rel18.1                      76.28%    passed     97.29%
   5  ASV_a8b4345a_rel7.1                       76.20%    passed     97.07%
   6  ASV_bf565f10_rel1.6                       76.28%    passed     96.54%
   7  ASV_cee4bd47_rel0.6                       76.28%    passed     97.89%
   8  ASV_e0bfdf36_rel0.5                       76.20%    passed     97.76%
   9  ASV_fe25c615_rel0.7                       76.20%    passed     93.16%
  10  REF_phacaeculture_MH868978.1              17.52%    passed      5.42%
  11  REF_herbarumstrain_MH864611.1             60.25%    passed     93.77%
  12  REF_pedeiaestrain_MH863383.1              57.82%    passed     99.59%
  13  REF_longicollastrain_MH863382.1           57.42%    passed     99.42%
  14  REF_vitalbaestrain_MH863321.1             61.67%    passed     91.14%
  15  REF_infossastrain_MH863295.1              63.39%    passed     88.17%
  16  REF_coffeaearabicaestrain_MH863293.1      57.66%    passed     99.87%
  17  REF_proteaestrain_MH862956.1              61.82%    passed     95.30%
  18  REF_boeremaestrain_MH862845.1             61.90%    passed     88.77%
  19  REF_lupinistrain_MH862737.1               57.42%    passed     99.49%
  20  REF_heteroderaestrain_MH862666.1          57.50%    passed    100.00%
  21  REF_nigripycnidiastrain_MH862568.1        64.81%    passed     97.32%
  22  REF_microchlamydosporastrain_MH862504.1   57.03%    passed     98.97%
  23  REF_arachidishypogaeaestrain_MH862388.1   61.82%    passed     95.34%
  24  REF_oculihominisstrain_MH862381.1         57.34%    passed     97.35%
  25  REF_saxeastrain_MH862364.1                62.06%    passed     93.33%
  26  REF_crurishominisstrain_MH862362.1        61.90%    passed     88.77%
  27  REF_microchlamydosporastrain_MH862231.1   61.90%    passed     95.63%
  28  REF_dorenboschiistrain_MH862222.1         61.67%    passed     94.22%
  29  REF_inoxydabilisstrain_MH862221.1         61.59%    passed     98.89%
  30  REF_helianthistrain_MH862064.1            57.11%    passed     86.64%
  31  REF_exitialisstrain_MH861971.1            57.50%    passed     88.28%
  32  REF_omnivirensstrain_MH861962.1           56.40%    passed     91.89%
  33  REF_crystalliniformisstrain_MH861912.1    57.74%    passed     99.94%
  34  REF_schachtiistrain_MH861770.1            53.65%    passed     75.06%
  35  REF_albulaestrain_MH861767.1              56.95%    passed     93.54%
  36  REF_rupestrisstrain_MH861756.1            61.82%    passed     16.24%
  37  REF_nitidastrain_MH861755.1               57.97%    passed     84.97%
  38  REF_bulgaricastrain_MH861745.1            56.72%    passed     98.00%
  39  REF_sorghinumstrain_PZ780856.1            56.79%    passed     70.16%
  40  REF_tinkyukukuisolate_PZ779985.1          58.92%    passed     99.52%
  41  REF_exiguaisolate_PZ779849.1              63.08%    passed     99.91%
  42  REF_exiguaisolate_PZ779848.1              62.37%    passed     99.55%
  43  REF_exiguaisolate_PZ779847.1              62.37%    passed     99.55%
  44  REF_exiguaisolate_PZ779846.1              63.71%    passed     99.97%
  45  REF_exiguaisolate_PZ779845.1              62.37%    passed     99.55%
  46  REF_exiguaisolate_PZ779834.1              59.86%    passed     99.98%
  47  REF_nigrumisolate_PZ779821.1              59.07%    passed     97.96%
  48  REF_brennandiaeisolate_PZ779689.1         57.27%    passed     98.61%
  49  REF_brennandiaeisolate_PZ779686.1         57.66%    passed     99.91%
  50  REF_brennandiaeisolate_PZ779687.1         57.34%    passed     99.09%
  51  REF_brennandiaeisolate_PZ779685.1         56.40%    passed     98.09%
  52  REF_eupyrenaisolate_PZ770545.1            61.98%    passed     93.16%
  53  REF_sp.isolate_PZ766229.1                 52.00%    passed     83.45%
  54  REF_sp.strain_PZ745922.1                  68.58%    passed     95.02%
  55  REF_maydisstrain_PZ745920.1               61.04%    passed     96.05%
  56  REF_maydisstrain_PZ745919.1               63.63%    passed     97.60%
  57  REF_maydisstrain_PZ745918.1               67.64%    passed     87.78%
  58  REF_maydisstrain_PZ745917.1               64.49%    passed     98.88%
  59  REF_sorghinumisolate_PZ210243.1           55.93%    passed     89.97%
  60  REF_sp.isolate_PV862234.1                 61.19%    passed     86.75%
  61  REF_sp.isolate_PV862233.1                 61.19%    passed     81.89%
WARNING: 60 sequences contain more than 50% gaps/ambiguity
****  TOTAL                                     61.66%  0 sequences failed composition chi2 test (p-value<5%; df=3)
NOTE: REF_crurishominisstrain_MH862362.1 is identical to REF_boeremaestrain_MH862845.1 but kept for subsequent analysis
NOTE: REF_exiguaisolate_PZ779847.1 is identical to REF_exiguaisolate_PZ779848.1 but kept for subsequent analysis
NOTE: 1 identical sequences (see below) will be ignored for subsequent analysis
NOTE: REF_exiguaisolate_PZ779845.1 (identical to REF_exiguaisolate_PZ779848.1) is ignored but added at the end
Alignment was printed to Didymellaceae_tree.uniqueseq.phy

For your convenience alignment with unique sequences printed to Didymellaceae_tree.uniqueseq.phy

Create initial parsimony tree by phylogenetic likelihood library (PLL)... 0.003 seconds
Generating 1000 samples for ultrafast bootstrap (seed: 852340)...

NOTE: 4 MB RAM (0 GB) is required!
WARNING: Number of threads seems too high for short alignments. Use -T AUTO to determine best number of threads.
Estimate model parameters (epsilon = 0.100)
1. Initial log-likelihood: -4931.163
2. Current log-likelihood: -4598.133
3. Current log-likelihood: -4564.070
4. Current log-likelihood: -4562.398
5. Current log-likelihood: -4562.129
Optimal log-likelihood: -4562.074
Rate parameters:  A-C: 1.96121  A-G: 3.27828  A-T: 2.17876  C-G: 0.53680  C-T: 5.62927  G-T: 1.00000
Base frequencies:  A: 0.238  C: 0.242  G: 0.234  T: 0.287
Gamma shape alpha: 0.286
Parameters optimization took 5 rounds (0.081 sec)
Wrote distance file to... 
Computing ML distances based on estimated model parameters...
Calculating distance matrix: done in 0.00160659 secs using 661.7% CPU
Computing ML distances took 0.002019 sec (of wall-clock time) 0.011257 sec (of CPU time)
Setting up auxiliary I and S matrices: done in 0.000575341 secs using 161.6% CPU
Computing RapidNJ tree took 0.061797 sec (of wall-clock time) 0.029070 sec (of CPU time)
Log-likelihood of RapidNJ tree: -4615.309
--------------------------------------------------------------------
|             INITIALIZING CANDIDATE TREE SET                      |
--------------------------------------------------------------------
Generating 98 parsimony trees... 0.161 second
Computing log-likelihood of 98 initial trees ... 0.200 seconds
Current best score: -4552.266

Do NNI search on 20 best initial trees
Estimate model parameters (epsilon = 0.100)
BETTER TREE FOUND at iteration 1: -4529.573
Iteration 10 / LogL: -4545.892 / Time: 0h:0m:1s
Iteration 20 / LogL: -4535.628 / Time: 0h:0m:2s
Finish initializing candidate tree set (20)
Current best tree score: -4529.573 / CPU time: 2.116
Number of iterations: 20
--------------------------------------------------------------------
|               OPTIMIZING CANDIDATE TREE SET                      |
--------------------------------------------------------------------
Estimate model parameters (epsilon = 0.100)
BETTER TREE FOUND at iteration 23: -4529.000
Iteration 30 / LogL: -4532.739 / Time: 0h:0m:2s (0h:0m:9s left)
BETTER TREE FOUND at iteration 37: -4528.994
Iteration 40 / LogL: -4533.062 / Time: 0h:0m:3s (0h:0m:9s left)
Estimate model parameters (epsilon = 0.100)
BETTER TREE FOUND at iteration 42: -4527.672
Iteration 50 / LogL: -4530.679 / Time: 0h:0m:4s (0h:0m:8s left)
Log-likelihood cutoff on original alignment: -4571.513
Iteration 60 / LogL: -4528.833 / Time: 0h:0m:5s (0h:0m:7s left)
Iteration 70 / LogL: -4533.182 / Time: 0h:0m:5s (0h:0m:6s left)
Estimate model parameters (epsilon = 0.100)
BETTER TREE FOUND at iteration 74: -4527.647
BETTER TREE FOUND at iteration 76: -4527.643
Iteration 80 / LogL: -4537.278 / Time: 0h:0m:6s (0h:0m:8s left)
Estimate model parameters (epsilon = 0.100)
BETTER TREE FOUND at iteration 86: -4527.488
Iteration 90 / LogL: -4527.494 / Time: 0h:0m:7s (0h:0m:8s left)
BETTER TREE FOUND at iteration 100: -4527.487
Iteration 100 / LogL: -4527.487 / Time: 0h:0m:8s (0h:0m:8s left)
Log-likelihood cutoff on original alignment: -4571.513
NOTE: Bootstrap correlation coefficient of split occurrence frequencies: 0.986
NOTE: UFBoot does not converge, continue at least 100 more iterations
BETTER TREE FOUND at iteration 108: -4527.486
Iteration 110 / LogL: -4535.875 / Time: 0h:0m:9s (0h:0m:8s left)
Iteration 120 / LogL: -4532.756 / Time: 0h:0m:10s (0h:0m:7s left)
Estimate model parameters (epsilon = 0.100)
BETTER TREE FOUND at iteration 123: -4527.146
Iteration 130 / LogL: -4533.431 / Time: 0h:0m:11s (0h:0m:7s left)
Iteration 140 / LogL: -4527.558 / Time: 0h:0m:11s (0h:0m:7s left)
BETTER TREE FOUND at iteration 150: -4527.146
Iteration 150 / LogL: -4527.146 / Time: 0h:0m:12s (0h:0m:8s left)
Log-likelihood cutoff on original alignment: -4571.513
BETTER TREE FOUND at iteration 152: -4527.144
BETTER TREE FOUND at iteration 156: -4527.144
Iteration 160 / LogL: -4527.147 / Time: 0h:0m:13s (0h:0m:8s left)
Iteration 170 / LogL: -4549.866 / Time: 0h:0m:14s (0h:0m:7s left)
BETTER TREE FOUND at iteration 177: -4527.143
Iteration 180 / LogL: -4536.739 / Time: 0h:0m:14s (0h:0m:8s left)
Iteration 190 / LogL: -4527.149 / Time: 0h:0m:15s (0h:0m:7s left)
Estimate model parameters (epsilon = 0.100)
BETTER TREE FOUND at iteration 191: -4522.691
Iteration 200 / LogL: -4533.222 / Time: 0h:0m:16s (0h:0m:7s left)
Log-likelihood cutoff on original alignment: -4571.513
NOTE: Bootstrap correlation coefficient of split occurrence frequencies: 0.982
NOTE: UFBoot does not converge, continue at least 100 more iterations
Iteration 210 / LogL: -4522.693 / Time: 0h:0m:17s (0h:0m:7s left)
BETTER TREE FOUND at iteration 211: -4522.690
Iteration 220 / LogL: -4529.367 / Time: 0h:0m:17s (0h:0m:7s left)
BETTER TREE FOUND at iteration 222: -4522.690
Iteration 230 / LogL: -4523.105 / Time: 0h:0m:18s (0h:0m:7s left)
BETTER TREE FOUND at iteration 238: -4522.689
BETTER TREE FOUND at iteration 240: -4522.689
Iteration 240 / LogL: -4522.689 / Time: 0h:0m:19s (0h:0m:8s left)
Iteration 250 / LogL: -4522.691 / Time: 0h:0m:20s (0h:0m:7s left)
Log-likelihood cutoff on original alignment: -4571.513
Iteration 260 / LogL: -4522.700 / Time: 0h:0m:21s (0h:0m:6s left)
Iteration 270 / LogL: -4522.690 / Time: 0h:0m:22s (0h:0m:5s left)
Iteration 280 / LogL: -4529.163 / Time: 0h:0m:23s (0h:0m:4s left)
BETTER TREE FOUND at iteration 281: -4522.686
Iteration 290 / LogL: -4522.691 / Time: 0h:0m:23s (0h:0m:7s left)
BETTER TREE FOUND at iteration 295: -4522.685
Iteration 300 / LogL: -4522.698 / Time: 0h:0m:24s (0h:0m:7s left)
Log-likelihood cutoff on original alignment: -4571.513
NOTE: Bootstrap correlation coefficient of split occurrence frequencies: 0.940
NOTE: UFBoot does not converge, continue at least 100 more iterations
Iteration 310 / LogL: -4523.234 / Time: 0h:0m:25s (0h:0m:7s left)
BETTER TREE FOUND at iteration 312: -4522.684
BETTER TREE FOUND at iteration 319: -4522.684
Iteration 320 / LogL: -4522.686 / Time: 0h:0m:26s (0h:0m:8s left)
Iteration 330 / LogL: -4522.685 / Time: 0h:0m:27s (0h:0m:7s left)
Iteration 340 / LogL: -4522.687 / Time: 0h:0m:28s (0h:0m:6s left)
Iteration 350 / LogL: -4522.690 / Time: 0h:0m:29s (0h:0m:5s left)
Log-likelihood cutoff on original alignment: -4571.513
Iteration 360 / LogL: -4522.688 / Time: 0h:0m:30s (0h:0m:4s left)
BETTER TREE FOUND at iteration 362: -4522.684
Iteration 370 / LogL: -4527.182 / Time: 0h:0m:31s (0h:0m:7s left)
Iteration 380 / LogL: -4529.365 / Time: 0h:0m:32s (0h:0m:6s left)
Iteration 390 / LogL: -4522.690 / Time: 0h:0m:33s (0h:0m:6s left)
Iteration 400 / LogL: -4522.690 / Time: 0h:0m:33s (0h:0m:5s left)
Log-likelihood cutoff on original alignment: -4571.513
NOTE: Bootstrap correlation coefficient of split occurrence frequencies: 0.957
NOTE: UFBoot does not converge, continue at least 100 more iterations
UPDATE BEST LOG-LIKELIHOOD: -4522.684
Iteration 410 / LogL: -4522.692 / Time: 0h:0m:34s (0h:0m:7s left)
Iteration 420 / LogL: -4529.029 / Time: 0h:0m:35s (0h:0m:6s left)
Iteration 430 / LogL: -4529.655 / Time: 0h:0m:36s (0h:0m:5s left)
Iteration 440 / LogL: -4523.108 / Time: 0h:0m:37s (0h:0m:5s left)
BETTER TREE FOUND at iteration 448: -4522.682
Iteration 450 / LogL: -4522.683 / Time: 0h:0m:38s (0h:0m:8s left)
Log-likelihood cutoff on original alignment: -4571.513
Iteration 460 / LogL: -4522.684 / Time: 0h:0m:39s (0h:0m:7s left)
Iteration 470 / LogL: -4522.689 / Time: 0h:0m:40s (0h:0m:6s left)
Iteration 480 / LogL: -4543.511 / Time: 0h:0m:41s (0h:0m:5s left)
Iteration 490 / LogL: -4522.689 / Time: 0h:0m:42s (0h:0m:5s left)
BETTER TREE FOUND at iteration 495: -4522.682
Iteration 500 / LogL: -4522.694 / Time: 0h:0m:43s (0h:0m:8s left)
Log-likelihood cutoff on original alignment: -4571.513
NOTE: Bootstrap correlation coefficient of split occurrence frequencies: 0.981
NOTE: UFBoot does not converge, continue at least 100 more iterations
UPDATE BEST LOG-LIKELIHOOD: -4522.682
Iteration 510 / LogL: -4522.684 / Time: 0h:0m:44s (0h:0m:7s left)
Iteration 520 / LogL: -4523.115 / Time: 0h:0m:45s (0h:0m:6s left)
Iteration 530 / LogL: -4522.693 / Time: 0h:0m:46s (0h:0m:6s left)
Iteration 540 / LogL: -4522.682 / Time: 0h:0m:47s (0h:0m:5s left)
Iteration 550 / LogL: -4522.700 / Time: 0h:0m:48s (0h:0m:4s left)
Log-likelihood cutoff on original alignment: -4571.513
Iteration 560 / LogL: -4522.689 / Time: 0h:0m:49s (0h:0m:3s left)
BETTER TREE FOUND at iteration 570: -4522.682
Iteration 570 / LogL: -4522.682 / Time: 0h:0m:50s (0h:0m:8s left)
Iteration 580 / LogL: -4523.232 / Time: 0h:0m:51s (0h:0m:8s left)
Iteration 590 / LogL: -4528.203 / Time: 0h:0m:52s (0h:0m:7s left)
Iteration 600 / LogL: -4522.683 / Time: 0h:0m:54s (0h:0m:6s left)
Log-likelihood cutoff on original alignment: -4571.513
NOTE: Bootstrap correlation coefficient of split occurrence frequencies: 0.979
NOTE: UFBoot does not converge, continue at least 100 more iterations
Iteration 610 / LogL: -4522.690 / Time: 0h:0m:55s (0h:0m:8s left)
Iteration 620 / LogL: -4522.691 / Time: 0h:0m:56s (0h:0m:7s left)
Iteration 630 / LogL: -4526.616 / Time: 0h:0m:57s (0h:0m:6s left)
Iteration 640 / LogL: -4528.924 / Time: 0h:0m:58s (0h:0m:5s left)
Iteration 650 / LogL: -4522.699 / Time: 0h:1m:0s (0h:0m:4s left)
Log-likelihood cutoff on original alignment: -4571.513
Iteration 660 / LogL: -4548.798 / Time: 0h:1m:1s (0h:0m:3s left)
Iteration 670 / LogL: -4522.689 / Time: 0h:1m:3s (0h:0m:2s left)
Iteration 680 / LogL: -4522.686 / Time: 0h:1m:4s (0h:0m:1s left)
Iteration 690 / LogL: -4551.811 / Time: 0h:1m:5s (0h:0m:0s left)
Iteration 700 / LogL: -4522.682 / Time: 0h:1m:6s (0h:0m:0s left)
Log-likelihood cutoff on original alignment: -4571.513
NOTE: Bootstrap correlation coefficient of split occurrence frequencies: 0.992
TREE SEARCH COMPLETED AFTER 700 ITERATIONS / Time: 0h:1m:7s

--------------------------------------------------------------------
|                    FINALIZING TREE SEARCH                        |
--------------------------------------------------------------------
Performs final model parameters optimization
Estimate model parameters (epsilon = 0.010)
1. Initial log-likelihood: -4522.682
Optimal log-likelihood: -4522.680
Rate parameters:  A-C: 1.93743  A-G: 3.09950  A-T: 2.32135  C-G: 0.56856  C-T: 5.75671  G-T: 1.00000
Base frequencies:  A: 0.238  C: 0.242  G: 0.234  T: 0.287
Gamma shape alpha: 0.289
Parameters optimization took 1 rounds (0.009 sec)
BEST SCORE FOUND : -4522.680
Creating bootstrap support values...
Split supports printed to NEXUS file Didymellaceae_tree.splits.nex
Total tree length: 4.375

Total number of iterations: 700
CPU time used for tree search: 244.483 sec (0h:4m:4s)
Wall-clock time used for tree search: 66.831 sec (0h:1m:6s)
Total CPU time used: 245.181 sec (0h:4m:5s)
Total wall-clock time used: 67.515 sec (0h:1m:7s)

Computing bootstrap consensus tree...
Reading input file Didymellaceae_tree.splits.nex...
60 taxa and 1396 splits.
Consensus tree written to Didymellaceae_tree.contree
Reading input trees file Didymellaceae_tree.contree
Log-likelihood of consensus tree: -4523.111

Analysis results written to: 
  IQ-TREE report:                Didymellaceae_tree.iqtree
  Maximum-likelihood tree:       Didymellaceae_tree.treefile
  Likelihood distances:          Didymellaceae_tree.mldist

Ultrafast bootstrap approximation results written to:
  Split support values:          Didymellaceae_tree.splits.nex
  Consensus tree:                Didymellaceae_tree.contree
  Screen log file:               Didymellaceae_tree.log

Date and Time: Mon Aug 10 13:45:59 2026
