IQ-TREE multicore version 2.3.6 for Linux x86 64-bit built Dec 11 2024
Developed by Bui Quang Minh, Nguyen Lam Tung, Olga Chernomor, Heiko Schmidt,
Dominik Schrempf, Michael Woodhams, Ly Trong Nhan, Thomas Wong

Host:    PHP25R-008 (AVX512, FMA3, 7 GB RAM)
Command: iqtree2 -s Dothideaceae_aln.fasta -m GTR+G -B 1000 -T 4 --prefix Dothideaceae_tree -quiet -redo
Seed:    819862 (Using SPRNG - Scalable Parallel Random Number Generator)
Time:    Mon Aug 10 13:48:03 2026
Kernel:  AVX+FMA - 4 threads (8 CPU cores detected)

Reading alignment file Dothideaceae_aln.fasta ... Fasta format detected
Reading fasta file: done in 0.00378008 secs
Alignment most likely contains DNA/RNA sequences
Alignment has 53 sequences with 2598 columns, 729 distinct patterns
347 parsimony-informative, 329 singleton sites, 1922 constant sites
                                    Gap/Ambiguity  Composition  p-value
Analyzing sequences: done in 2.8544e-05 secs using 63.06% CPU
   1  ASV_3a5c2083_rel23.7                 88.07%    passed     90.11%
   2  ASV_abea193f_rel6.4                  88.07%    passed     89.07%
   3  REF_merioidesstrain_MH861924.1       77.29%    passed     98.78%
   4  REF_macrosporastrain_MH861202.1      76.48%    passed     97.60%
   5  REF_pistaciaestrain_MH859357.1       63.47%    passed     54.29%
   6  REF_sp.isolate_PZ444464.1            65.05%    passed     30.14%
   7  REF_sp.voucher_PX608819.1            63.47%    passed     26.24%
   8  REF_sp.CA03_PV742628.1               75.87%    passed     99.03%
   9  REF_sp.voucher_PV581586.1            89.92%    passed     54.05%
  10  REF_populiisolate_PQ817086.1         77.48%    passed     88.80%
  11  REF_sp.CA02_PQ817044.1               76.52%    passed     80.27%
  12  REF_sp.in_PP513140.1                 76.64%    passed     90.89%
  13  REF_insculptaisolate_PQ298290.1      77.29%    passed     91.49%
  14  REF_sp.CA01_PQ279398.1               77.17%    passed     32.85%
  15  REF_puccinioidesvoucher_PP971526.1   75.71%    failed      0.03%
  16  REF_insculptavoucher_OR767891.1      77.29%    passed     88.63%
  17  REF_acericolaIRAN_NR_187001.1        80.79%    passed     20.90%
  18  REF_minteristrain_ON784041.1         75.87%    passed     95.51%
  19  REF_minteristrain_ON784040.1         74.56%    passed     91.65%
  20  REF_minteristrain_ON784039.1         75.40%    passed     86.48%
  21  REF_minteristrain_ON784038.1         77.48%    passed     97.67%
  22  REF_minteristrain_ON784037.1         75.44%    passed     84.82%
  23  REF_minteristrain_ON784036.1         75.17%    passed     86.29%
  24  REF_minteristrain_ON784035.1         75.25%    passed     91.32%
  25  REF_minteristrain_ON784034.1         74.90%    passed     86.49%
  26  REF_minteristrain_ON784033.1         75.37%    passed     89.34%
  27  REF_minteristrain_ON784032.1         75.17%    passed     82.95%
  28  REF_minteristrain_ON784031.1         75.06%    passed     91.54%
  29  REF_minteristrain_ON784030.1         75.98%    passed     97.83%
  30  REF_minteristrain_ON784029.1         75.44%    passed     87.98%
  31  REF_minteristrain_ON784028.1         74.98%    passed     92.28%
  32  REF_minteristrain_ON784027.1         75.13%    passed     85.78%
  33  REF_sambucistrain_MH857756.1         30.22%    failed      1.73%
  34  REF_puccinioidesstrain_MH857754.1    76.83%    passed     96.38%
  35  REF_puccinioidesstrain_MH857753.1    76.83%    passed     96.38%
  36  REF_muelleristrain_MH857752.1        76.87%    passed     97.20%
  37  REF_muelleristrain_MH857751.1        76.87%    passed     97.41%
  38  REF_hippophaesstrain_MH857750.1      76.98%    passed     92.54%
  39  REF_noxiastrain_MH855477.1           77.44%    passed     53.78%
  40  REF_pinistrain_MH854884.1            80.10%    passed     21.80%
  41  REF_populiisolate_PX205940.1         79.02%    passed     91.32%
  42  REF_populiisolate_PX205939.1         79.14%    passed     89.30%
  43  REF_populiisolate_PX205938.1         78.79%    passed     93.98%
  44  REF_sp.strain_PZ165507.1             79.45%    passed     79.29%
  45  REF_sp.in_PZ058402.1                 90.11%    passed     49.29%
  46  REF_sp.in_PZ057609.1                 89.07%    passed     21.20%
  47  REF_sp.in_PX689207.1                 90.11%    passed     61.79%
  48  REF_piniisolate_PX657328.1           60.32%    passed     18.74%
  49  REF_sp.isolate_PV948956.1            79.41%    passed     96.09%
  50  REF_spartiiisolate_PX561043.1        84.68%    failed      1.54%
  51  REF_spartiiisolate_PX561042.1        87.03%    passed     22.26%
  52  REF_macrosporaisolate_PQ453968.1     77.21%    failed      2.12%
  53  REF_sp.strain_PX421854.1             88.65%    passed     75.18%
WARNING: 52 sequences contain more than 50% gaps/ambiguity
****  TOTAL                                76.85%  4 sequences failed composition chi2 test (p-value<5%; df=3)
NOTE: REF_puccinioidesstrain_MH857753.1 is identical to REF_puccinioidesstrain_MH857754.1 but kept for subsequent analysis

Create initial parsimony tree by phylogenetic likelihood library (PLL)... 0.002 seconds
Generating 1000 samples for ultrafast bootstrap (seed: 819862)...

NOTE: 7 MB RAM (0 GB) is required!
Estimate model parameters (epsilon = 0.100)
1. Initial log-likelihood: -11486.621
2. Current log-likelihood: -10015.166
3. Current log-likelihood: -9994.258
4. Current log-likelihood: -9991.487
5. Current log-likelihood: -9991.058
Optimal log-likelihood: -9990.930
Rate parameters:  A-C: 1.31233  A-G: 2.75613  A-T: 1.81743  C-G: 1.42538  C-T: 4.68614  G-T: 1.00000
Base frequencies:  A: 0.256  C: 0.239  G: 0.247  T: 0.258
Gamma shape alpha: 0.538
Parameters optimization took 5 rounds (0.105 sec)
Wrote distance file to... 
Computing ML distances based on estimated model parameters...
Calculating distance matrix: done in 0.00350946 secs using 634.3% CPU
Computing ML distances took 0.004176 sec (of wall-clock time) 0.022451 sec (of CPU time)
Setting up auxiliary I and S matrices: done in 0.000740663 secs using 161.6% CPU
Computing RapidNJ tree took 0.038921 sec (of wall-clock time) 0.034737 sec (of CPU time)
Log-likelihood of RapidNJ tree: -10069.167
--------------------------------------------------------------------
|             INITIALIZING CANDIDATE TREE SET                      |
--------------------------------------------------------------------
Generating 98 parsimony trees... 0.217 second
Computing log-likelihood of 98 initial trees ... 0.347 seconds
Current best score: -9990.930

Do NNI search on 20 best initial trees
Estimate model parameters (epsilon = 0.100)
BETTER TREE FOUND at iteration 1: -9984.706
Estimate model parameters (epsilon = 0.100)
BETTER TREE FOUND at iteration 2: -9983.209
Estimate model parameters (epsilon = 0.100)
BETTER TREE FOUND at iteration 3: -9979.544
Iteration 10 / LogL: -9984.911 / Time: 0h:0m:2s
Iteration 20 / LogL: -9982.663 / Time: 0h:0m:4s
Finish initializing candidate tree set (20)
Current best tree score: -9979.544 / CPU time: 3.757
Number of iterations: 20
--------------------------------------------------------------------
|               OPTIMIZING CANDIDATE TREE SET                      |
--------------------------------------------------------------------
Estimate model parameters (epsilon = 0.100)
BETTER TREE FOUND at iteration 28: -9978.849
Iteration 30 / LogL: -9981.118 / Time: 0h:0m:5s (0h:0m:18s left)
Estimate model parameters (epsilon = 0.100)
BETTER TREE FOUND at iteration 31: -9978.800
Estimate model parameters (epsilon = 0.100)
BETTER TREE FOUND at iteration 34: -9978.786
Estimate model parameters (epsilon = 0.100)
BETTER TREE FOUND at iteration 36: -9978.720
Iteration 40 / LogL: -9979.456 / Time: 0h:0m:7s (0h:0m:18s left)
BETTER TREE FOUND at iteration 49: -9978.715
Iteration 50 / LogL: -9981.725 / Time: 0h:0m:9s (0h:0m:19s left)
Log-likelihood cutoff on original alignment: -10013.875
BETTER TREE FOUND at iteration 52: -9978.714
Iteration 60 / LogL: -9979.935 / Time: 0h:0m:10s (0h:0m:16s left)
Iteration 70 / LogL: -9984.225 / Time: 0h:0m:11s (0h:0m:14s left)
Iteration 80 / LogL: -9978.977 / Time: 0h:0m:13s (0h:0m:12s left)
Iteration 90 / LogL: -9987.061 / Time: 0h:0m:14s (0h:0m:9s left)
Iteration 100 / LogL: -9978.722 / Time: 0h:0m:15s (0h:0m:8s left)
Log-likelihood cutoff on original alignment: -10013.875
NOTE: Bootstrap correlation coefficient of split occurrence frequencies: 0.987
NOTE: UFBoot does not converge, continue at least 100 more iterations
Iteration 110 / LogL: -9983.538 / Time: 0h:0m:16s (0h:0m:13s left)
Iteration 120 / LogL: -9978.752 / Time: 0h:0m:17s (0h:0m:12s left)
Estimate model parameters (epsilon = 0.100)
BETTER TREE FOUND at iteration 127: -9978.620
Iteration 130 / LogL: -9993.335 / Time: 0h:0m:19s (0h:0m:14s left)
Iteration 140 / LogL: -9978.979 / Time: 0h:0m:20s (0h:0m:12s left)
Estimate model parameters (epsilon = 0.100)
UPDATE BEST LOG-LIKELIHOOD: -9978.583
Iteration 150 / LogL: -9978.715 / Time: 0h:0m:21s (0h:0m:11s left)
Log-likelihood cutoff on original alignment: -10014.795
Iteration 160 / LogL: -9980.459 / Time: 0h:0m:22s (0h:0m:9s left)
Iteration 170 / LogL: -9981.518 / Time: 0h:0m:24s (0h:0m:8s left)
Iteration 180 / LogL: -9980.242 / Time: 0h:0m:25s (0h:0m:6s left)
Iteration 190 / LogL: -9987.098 / Time: 0h:0m:26s (0h:0m:5s left)
Iteration 200 / LogL: -9982.263 / Time: 0h:0m:27s (0h:0m:3s left)
Log-likelihood cutoff on original alignment: -10014.795
NOTE: Bootstrap correlation coefficient of split occurrence frequencies: 0.994
Iteration 210 / LogL: -9978.719 / Time: 0h:0m:29s (0h:0m:12s left)
BETTER TREE FOUND at iteration 212: -9978.579
Iteration 220 / LogL: -9979.313 / Time: 0h:0m:30s (0h:0m:12s left)
UPDATE BEST LOG-LIKELIHOOD: -9978.575
Iteration 230 / LogL: -9980.293 / Time: 0h:0m:31s (0h:0m:11s left)
UPDATE BEST LOG-LIKELIHOOD: -9978.570
Iteration 240 / LogL: -9978.570 / Time: 0h:0m:32s (0h:0m:9s left)
Iteration 250 / LogL: -9981.527 / Time: 0h:0m:33s (0h:0m:8s left)
Log-likelihood cutoff on original alignment: -10014.795
Iteration 260 / LogL: -9989.592 / Time: 0h:0m:35s (0h:0m:7s left)
Iteration 270 / LogL: -9987.334 / Time: 0h:0m:36s (0h:0m:5s left)
Iteration 280 / LogL: -9985.444 / Time: 0h:0m:37s (0h:0m:4s left)
UPDATE BEST LOG-LIKELIHOOD: -9978.567
Iteration 290 / LogL: -9982.421 / Time: 0h:0m:39s (0h:0m:2s left)
UPDATE BEST LOG-LIKELIHOOD: -9978.566
Iteration 300 / LogL: -9980.866 / Time: 0h:0m:40s (0h:0m:1s left)
Log-likelihood cutoff on original alignment: -10014.795
NOTE: Bootstrap correlation coefficient of split occurrence frequencies: 0.992
Iteration 310 / LogL: -9978.635 / Time: 0h:0m:41s (0h:0m:12s left)
TREE SEARCH COMPLETED AFTER 313 ITERATIONS / Time: 0h:0m:42s

--------------------------------------------------------------------
|                    FINALIZING TREE SEARCH                        |
--------------------------------------------------------------------
Performs final model parameters optimization
Estimate model parameters (epsilon = 0.010)
1. Initial log-likelihood: -9978.566
Optimal log-likelihood: -9978.564
Rate parameters:  A-C: 1.29557  A-G: 2.73622  A-T: 1.78492  C-G: 1.40761  C-T: 4.79350  G-T: 1.00000
Base frequencies:  A: 0.256  C: 0.239  G: 0.247  T: 0.258
Gamma shape alpha: 0.540
Parameters optimization took 1 rounds (0.010 sec)
BEST SCORE FOUND : -9978.564
Creating bootstrap support values...
Split supports printed to NEXUS file Dothideaceae_tree.splits.nex
Total tree length: 17.035

Total number of iterations: 313
CPU time used for tree search: 164.235 sec (0h:2m:44s)
Wall-clock time used for tree search: 41.881 sec (0h:0m:41s)
Total CPU time used: 165.198 sec (0h:2m:45s)
Total wall-clock time used: 42.491 sec (0h:0m:42s)

Computing bootstrap consensus tree...
Reading input file Dothideaceae_tree.splits.nex...
53 taxa and 1021 splits.
Consensus tree written to Dothideaceae_tree.contree
Reading input trees file Dothideaceae_tree.contree
Log-likelihood of consensus tree: -9978.874

Analysis results written to: 
  IQ-TREE report:                Dothideaceae_tree.iqtree
  Maximum-likelihood tree:       Dothideaceae_tree.treefile
  Likelihood distances:          Dothideaceae_tree.mldist

Ultrafast bootstrap approximation results written to:
  Split support values:          Dothideaceae_tree.splits.nex
  Consensus tree:                Dothideaceae_tree.contree
  Screen log file:               Dothideaceae_tree.log

Date and Time: Mon Aug 10 13:48:46 2026
