IQ-TREE multicore version 2.3.6 for Linux x86 64-bit built Dec 11 2024
Developed by Bui Quang Minh, Nguyen Lam Tung, Olga Chernomor, Heiko Schmidt,
Dominik Schrempf, Michael Woodhams, Ly Trong Nhan, Thomas Wong

Host:    PHP25R-008 (AVX512, FMA3, 7 GB RAM)
Command: iqtree2 -s Saccotheciaceae_aln.fasta -m GTR+G -B 1000 -T 4 --prefix Saccotheciaceae_tree -quiet -redo
Seed:    603035 (Using SPRNG - Scalable Parallel Random Number Generator)
Time:    Mon Aug 10 13:48:49 2026
Kernel:  AVX+FMA - 4 threads (8 CPU cores detected)

Reading alignment file Saccotheciaceae_aln.fasta ... Fasta format detected
Reading fasta file: done in 0.00220158 secs
Alignment most likely contains DNA/RNA sequences
Alignment has 53 sequences with 1334 columns, 373 distinct patterns
121 parsimony-informative, 130 singleton sites, 1083 constant sites
                                        Gap/Ambiguity  Composition  p-value
Analyzing sequences: done in 3.2241e-05 secs using 96.15% CPU
   1  ASV_2d66fd30_rel10.2                     76.54%    passed     75.01%
   2  REF_australiensisstrain_MH863414.1       52.77%    failed      3.29%
   3  REF_subglacialestrain_MH863294.1         61.99%    passed     67.53%
   4  REF_fermentansstrain_MH857648.1          62.07%    passed     74.25%
   5  REF_melanogenumstrain_MH854707.1         55.92%    passed     96.06%
   6  REF_linistrain_MH854694.1                56.07%    passed     85.75%
   7  REF_orosaestrain_PZ274832.1              54.05%    passed     99.01%
   8  REF_sp.isolate_PZ444502.1                23.31%    passed     68.22%
   9  REF_pullulansisolate_PZ444501.1          22.71%    passed     42.46%
  10  REF_sp.isolate_PZ444495.1                23.24%    passed     33.91%
  11  REF_subglacialeisolate_PZ444489.1        19.42%    passed     60.35%
  12  REF_pullulansisolate_PZ444479.1          20.16%    passed     66.57%
  13  REF_pullulansisolate_PZ444471.1          22.49%    passed     39.63%
  14  REF_pullulansisolate_PZ444468.1          20.46%    passed     63.39%
  15  REF_mahoniaeisolate_PZ444466.1           19.87%    passed     58.77%
  16  REF_sp.isolate_PZ444452.1                18.97%    passed     52.88%
  17  REF_sp.isolate_PZ444443.1                22.26%    passed     49.57%
  18  REF_sp.isolate_PZ444436.1                20.01%    passed     46.46%
  19  REF_sp.isolate_PZ444425.1                18.97%    passed     48.83%
  20  REF_sp.isolate_PZ444424.1                18.97%    passed     52.88%
  21  REF_sp.isolate_PZ444421.1                19.79%    passed     55.04%
  22  REF_sp.isolate_PZ444407.1                18.89%    passed     51.20%
  23  REF_mimosaeURM_NR_202597.1               60.49%    failed      2.27%
  24  REF_zhengzhenxiangiaestrain_PZ336262.1   46.78%    passed     75.24%
  25  REF_gimbutasiaestrain_PZ336259.1         46.78%    passed     84.75%
  26  REF_frostiaestrain_PZ336258.1            58.25%    passed     88.46%
  27  REF_australiensisITS_NR_156527.1         45.43%    failed      1.64%
  28  REF_caulivorumisolate_PX215345.1         53.45%    passed     97.35%
  29  REF_mimosaeisolate_PQ811698.1            60.49%    failed      2.27%
  30  REF_pullulansvoucher_PV917659.1          58.40%    passed     88.87%
  31  REF_sp.CA01_PV650201.1                   53.37%    passed     99.15%
  32  REF_pullulansstrain_PZ756801.1           59.07%    passed     90.29%
  33  REF_pullulansstrain_PZ756800.1           65.74%    passed     65.70%
  34  REF_pullulansstrain_PZ756799.1           63.19%    passed     79.55%
  35  REF_pullulansstrain_PZ756798.1           62.74%    passed     76.76%
  36  REF_pullulansstrain_PZ756796.1           64.99%    passed     60.39%
  37  REF_pullulansstrain_PZ756795.1           64.62%    passed     74.04%
  38  REF_sp.isolate_PV938387.1                82.53%    passed     75.40%
  39  REF_sp.isolate_PV938371.1                84.41%    passed     93.71%
  40  REF_pullulansstrain_PZ734645.1           53.60%    passed     99.13%
  41  REF_linistrain_PZ729944.1                56.30%    passed     97.14%
  42  REF_sp.isolate_PZ716331.1                72.71%    passed     52.07%
  43  REF_proteaeisolate_PZ716320.1            59.45%    passed     88.63%
  44  REF_melanogenumisolate_PZ716316.1        62.29%    passed     75.37%
  45  REF_sp.isolate_PZ716313.1                72.34%    passed     95.90%
  46  REF_pullulansstrain_PZ695130.1           65.22%    passed     26.26%
  47  REF_pullulansisolate_PZ690102.1          74.36%    passed     99.16%
  48  REF_pullulansisolate_PZ661520.1          61.02%    passed     60.75%
  49  REF_sp.isolate_PP844398.1                60.79%    passed     75.39%
  50  REF_sp.isolate_PP844377.1                60.79%    passed     75.39%
  51  REF_pullulansisolate_PP844347.1          59.60%    passed     81.30%
  52  REF_pullulansisolate_PP844344.1          61.17%    passed     69.54%
  53  REF_pullulansisolate_PP844342.1          61.54%    passed     82.21%
WARNING: 35 sequences contain more than 50% gaps/ambiguity
****  TOTAL                                    49.83%  4 sequences failed composition chi2 test (p-value<5%; df=3)
NOTE: REF_sp.isolate_PZ444424.1 is identical to REF_sp.isolate_PZ444452.1 but kept for subsequent analysis
NOTE: REF_mimosaeisolate_PQ811698.1 is identical to REF_mimosaeURM_NR_202597.1 but kept for subsequent analysis
NOTE: REF_sp.isolate_PP844377.1 is identical to REF_sp.isolate_PP844398.1 but kept for subsequent analysis

Create initial parsimony tree by phylogenetic likelihood library (PLL)... 0.002 seconds
Generating 1000 samples for ultrafast bootstrap (seed: 603035)...

NOTE: 4 MB RAM (0 GB) is required!
WARNING: Number of threads seems too high for short alignments. Use -T AUTO to determine best number of threads.
Estimate model parameters (epsilon = 0.100)
1. Initial log-likelihood: -3641.641
2. Current log-likelihood: -3465.654
3. Current log-likelihood: -3459.574
4. Current log-likelihood: -3458.245
5. Current log-likelihood: -3457.682
6. Current log-likelihood: -3457.410
7. Current log-likelihood: -3457.286
Optimal log-likelihood: -3457.166
Rate parameters:  A-C: 2.23929  A-G: 2.46189  A-T: 3.06552  C-G: 0.85496  C-T: 6.84367  G-T: 1.00000
Base frequencies:  A: 0.254  C: 0.231  G: 0.258  T: 0.257
Gamma shape alpha: 0.271
Parameters optimization took 7 rounds (0.116 sec)
Wrote distance file to... 
Computing ML distances based on estimated model parameters...
Calculating distance matrix: done in 0.00260019 secs using 662.3% CPU
Computing ML distances took 0.003200 sec (of wall-clock time) 0.017432 sec (of CPU time)
Setting up auxiliary I and S matrices: done in 0.000586248 secs using 169.2% CPU
Computing RapidNJ tree took 0.034347 sec (of wall-clock time) 0.006701 sec (of CPU time)
Log-likelihood of RapidNJ tree: -3516.037
--------------------------------------------------------------------
|             INITIALIZING CANDIDATE TREE SET                      |
--------------------------------------------------------------------
Generating 98 parsimony trees... 0.130 second
Computing log-likelihood of 98 initial trees ... 0.360 seconds
Current best score: -3455.015

Do NNI search on 20 best initial trees
Estimate model parameters (epsilon = 0.100)
BETTER TREE FOUND at iteration 1: -3448.516
BETTER TREE FOUND at iteration 2: -3448.514
Iteration 10 / LogL: -3452.866 / Time: 0h:0m:2s
Iteration 20 / LogL: -3457.092 / Time: 0h:0m:3s
Finish initializing candidate tree set (20)
Current best tree score: -3448.514 / CPU time: 2.870
Number of iterations: 20
--------------------------------------------------------------------
|               OPTIMIZING CANDIDATE TREE SET                      |
--------------------------------------------------------------------
Iteration 30 / LogL: -3454.458 / Time: 0h:0m:3s (0h:0m:9s left)
Iteration 40 / LogL: -3459.081 / Time: 0h:0m:4s (0h:0m:7s left)
Iteration 50 / LogL: -3448.518 / Time: 0h:0m:5s (0h:0m:5s left)
Log-likelihood cutoff on original alignment: -3489.263
Iteration 60 / LogL: -3448.523 / Time: 0h:0m:6s (0h:0m:4s left)
Iteration 70 / LogL: -3448.516 / Time: 0h:0m:6s (0h:0m:3s left)
Iteration 80 / LogL: -3468.001 / Time: 0h:0m:7s (0h:0m:2s left)
Iteration 90 / LogL: -3455.087 / Time: 0h:0m:8s (0h:0m:1s left)
Iteration 100 / LogL: -3451.439 / Time: 0h:0m:8s (0h:0m:0s left)
Log-likelihood cutoff on original alignment: -3489.263
NOTE: Bootstrap correlation coefficient of split occurrence frequencies: 0.977
NOTE: UFBoot does not converge, continue at least 100 more iterations
Iteration 110 / LogL: -3453.779 / Time: 0h:0m:9s (0h:0m:8s left)
Iteration 120 / LogL: -3458.560 / Time: 0h:0m:10s (0h:0m:7s left)
Iteration 130 / LogL: -3448.521 / Time: 0h:0m:11s (0h:0m:6s left)
BETTER TREE FOUND at iteration 139: -3448.513
Iteration 140 / LogL: -3453.594 / Time: 0h:0m:11s (0h:0m:8s left)
Iteration 150 / LogL: -3453.144 / Time: 0h:0m:12s (0h:0m:7s left)
Log-likelihood cutoff on original alignment: -3489.263
Iteration 160 / LogL: -3448.516 / Time: 0h:0m:13s (0h:0m:6s left)
Iteration 170 / LogL: -3448.517 / Time: 0h:0m:14s (0h:0m:5s left)
Iteration 180 / LogL: -3448.516 / Time: 0h:0m:15s (0h:0m:4s left)
Iteration 190 / LogL: -3448.515 / Time: 0h:0m:15s (0h:0m:4s left)
Iteration 200 / LogL: -3454.076 / Time: 0h:0m:16s (0h:0m:3s left)
Log-likelihood cutoff on original alignment: -3489.263
NOTE: Bootstrap correlation coefficient of split occurrence frequencies: 0.990
NOTE: UFBoot does not converge, continue at least 100 more iterations
BETTER TREE FOUND at iteration 202: -3448.513
Iteration 210 / LogL: -3448.515 / Time: 0h:0m:17s (0h:0m:7s left)
Iteration 220 / LogL: -3448.520 / Time: 0h:0m:18s (0h:0m:7s left)
Iteration 230 / LogL: -3449.745 / Time: 0h:0m:19s (0h:0m:6s left)
Iteration 240 / LogL: -3448.517 / Time: 0h:0m:20s (0h:0m:5s left)
Iteration 250 / LogL: -3453.197 / Time: 0h:0m:21s (0h:0m:4s left)
Log-likelihood cutoff on original alignment: -3489.263
Iteration 260 / LogL: -3448.519 / Time: 0h:0m:22s (0h:0m:3s left)
Iteration 270 / LogL: -3448.522 / Time: 0h:0m:23s (0h:0m:2s left)
Iteration 280 / LogL: -3448.515 / Time: 0h:0m:24s (0h:0m:1s left)
Iteration 290 / LogL: -3448.517 / Time: 0h:0m:24s (0h:0m:1s left)
Iteration 300 / LogL: -3448.519 / Time: 0h:0m:25s (0h:0m:0s left)
Log-likelihood cutoff on original alignment: -3489.263
NOTE: Bootstrap correlation coefficient of split occurrence frequencies: 0.989
NOTE: UFBoot does not converge, continue at least 100 more iterations
Iteration 310 / LogL: -3454.075 / Time: 0h:0m:26s (0h:0m:7s left)
Iteration 320 / LogL: -3448.518 / Time: 0h:0m:27s (0h:0m:6s left)
Iteration 330 / LogL: -3448.520 / Time: 0h:0m:28s (0h:0m:6s left)
Iteration 340 / LogL: -3448.523 / Time: 0h:0m:29s (0h:0m:5s left)
Iteration 350 / LogL: -3453.202 / Time: 0h:0m:30s (0h:0m:4s left)
Log-likelihood cutoff on original alignment: -3489.263
Iteration 360 / LogL: -3448.518 / Time: 0h:0m:31s (0h:0m:3s left)
Iteration 370 / LogL: -3456.032 / Time: 0h:0m:32s (0h:0m:2s left)
Iteration 380 / LogL: -3451.272 / Time: 0h:0m:33s (0h:0m:1s left)
Iteration 390 / LogL: -3454.293 / Time: 0h:0m:34s (0h:0m:0s left)
Iteration 400 / LogL: -3448.682 / Time: 0h:0m:35s (0h:0m:0s left)
Log-likelihood cutoff on original alignment: -3489.263
NOTE: Bootstrap correlation coefficient of split occurrence frequencies: 0.994
TREE SEARCH COMPLETED AFTER 400 ITERATIONS / Time: 0h:0m:35s

--------------------------------------------------------------------
|                    FINALIZING TREE SEARCH                        |
--------------------------------------------------------------------
Performs final model parameters optimization
Estimate model parameters (epsilon = 0.010)
1. Initial log-likelihood: -3448.513
2. Current log-likelihood: -3448.494
3. Current log-likelihood: -3448.474
Optimal log-likelihood: -3448.462
Rate parameters:  A-C: 2.32771  A-G: 2.38329  A-T: 3.06956  C-G: 0.84382  C-T: 6.89676  G-T: 1.00000
Base frequencies:  A: 0.254  C: 0.231  G: 0.258  T: 0.257
Gamma shape alpha: 0.251
Parameters optimization took 3 rounds (0.016 sec)
BEST SCORE FOUND : -3448.462
Creating bootstrap support values...
Split supports printed to NEXUS file Saccotheciaceae_tree.splits.nex
Total tree length: 1.979

Total number of iterations: 400
CPU time used for tree search: 132.532 sec (0h:2m:12s)
Wall-clock time used for tree search: 35.291 sec (0h:0m:35s)
Total CPU time used: 133.338 sec (0h:2m:13s)
Total wall-clock time used: 35.852 sec (0h:0m:35s)

Computing bootstrap consensus tree...
Reading input file Saccotheciaceae_tree.splits.nex...
53 taxa and 1794 splits.
Consensus tree written to Saccotheciaceae_tree.contree
Reading input trees file Saccotheciaceae_tree.contree
Log-likelihood of consensus tree: -3453.903

Analysis results written to: 
  IQ-TREE report:                Saccotheciaceae_tree.iqtree
  Maximum-likelihood tree:       Saccotheciaceae_tree.treefile
  Likelihood distances:          Saccotheciaceae_tree.mldist

Ultrafast bootstrap approximation results written to:
  Split support values:          Saccotheciaceae_tree.splits.nex
  Consensus tree:                Saccotheciaceae_tree.contree
  Screen log file:               Saccotheciaceae_tree.log

Date and Time: Mon Aug 10 13:49:25 2026
